#CMT---> Info: Execute action compile => cd $TestArea/WorkArea/cmt; cmt bro make ; cd -
#--------------------------------------------------------------
# TriggerList TriggerList-00-00-00 : Now trying [make] in /home/paredes/TestArea/athenaMetTest2/TriggerList/cmt (169/186)
#--------------------------------------------------------------
#CMT---> (Makefile.header) Rebuilding ../x86_64-slc6-gcc49-opt/x86_64-slc6-gcc49-opt.make
#CMT---> (constituents.make) Rebuilding library links
#CMT---> (constituents.make) Building checkreq.make
#CMT---> (constituents.make) Building TriggerList.make
#CMT---> (constituents.make) Building check_install_python_modules.make
#CMT---> (constituents.make) Building check_install_joboptions.make
#CMT---> (constituents.make) Building install_includes.make
#CMT---> (constituents.make) Building install_root_include_path.make
#CMT---> Info: Library TriggerList
#CMT---> Info: Document install_includes
#CMT---> Info: Document install_root_include_path
#CMT---> Info: Document check_install_joboptions
#CMT---> Info: Document check_install_python_modules
#CMT---> Info: Document checkreq
#CMT---> (constituents.make) Starting install_includes
#CMT---> (constituents.make) Starting check_install_python_modules
#CMT---> (constituents.make) Starting check_install_joboptions
#CMT---> (constituents.make) Starting checkreq
#CMT---> (constituents.make) Starting install_root_include_path
#CMT---> (constituents.make) Starting TriggerList
No standard include file area
No standard include file area
#CMT---> (constituents.make) install_includes done
#CMT---> (constituents.make) install_root_include_path done
#CMT---> (constituents.make) check_install_python_modules done
#CMT---> (constituents.make) Building install_python_modules.make
#CMT---> Info: Document install_python_modules
#CMT---> (constituents.make) check_install_joboptions done
#CMT---> (constituents.make) Building install_joboptions.make
#CMT---> (constituents.make) Starting install_python_modules
#CMT---> Info: Document install_joboptions
make[2]: `install_python_modules' is up to date.
#CMT---> (constituents.make) install_python_modules done
#CMT---> (constituents.make) Starting install_joboptions
#CMT---> installing file TrigPassNumsJobOptions.py into /home/paredes/TestArea/athenaMetTest2/InstallArea/jobOptions/TriggerList
#CMT---> installing file TriggerListAlgJobOptions.py into /home/paredes/TestArea/athenaMetTest2/InstallArea/jobOptions/TriggerList
installation done
installation done
#CMT---> (constituents.make) install_joboptions done
#CMT---> compiling ../src/TriggerListAlg.cxx
#CMT---> compiling ../src/TrigPassNums.cxx
#CMT---> compiling ../src/components/TriggerList_entries.cxx
#CMT---> compiling ../src/components/TriggerList_load.cxx
CHECKREQ---> checkreq-v150519 warning for TriggerList (TriggerList-00-00-00):

CHECKREQ---> The following packages are apparently not needed. (severity 2)

CHECKREQ---> -- TrigDecisionInterface

CHECKREQ---> checkreq WARNING(s) in TriggerList-00-00-00 (max severity 2)
#CMT---> (constituents.make) checkreq done
In file included from /cvmfs/atlas.cern.ch/repo/sw/software/AthAnalysisBase/x86_64-slc6-gcc49-opt/2.4.25/AthAnalysisBase/2.4.25/InstallArea/include/AthenaBaseComps/AthenaBaseComps/AthCheckMacros.h:11:0,
                 from /cvmfs/atlas.cern.ch/repo/sw/software/AthAnalysisBase/x86_64-slc6-gcc49-opt/2.4.25/AthAnalysisBase/2.4.25/InstallArea/include/AthenaBaseComps/AthenaBaseComps/AthAlgorithm.h:16,
                 from /cvmfs/atlas.cern.ch/repo/sw/software/AthAnalysisBase/x86_64-slc6-gcc49-opt/2.4.25/AthAnalysisBase/2.4.25/InstallArea/include/AthenaBaseComps/AthenaBaseComps/AthHistogramAlgorithm.h:13,
                 from ../src/TrigPassNums.h:5,
                 from ../src/TrigPassNums.cxx:2:
../src/TrigPassNums.cxx: In member function 'virtual StatusCode TrigPassNums::initialize()':
../src/TrigPassNums.cxx:46:70: warning: 'StatusCode asg::AnaToolHandle<T>::make(std::string) [with T = Trig::TrigDecisionTool; std::string = std::basic_string<char>]' is deprecated (declared at /cvmfs/atlas.cern.ch/repo/sw/software/AthAnalysisBase/x86_64-slc6-gcc49-opt/2.4.25/AthAnalysisBase/2.4.25/InstallArea/include/AsgTools/AsgTools/AnaToolHandle.h:845): please use setType() or setTypeAndName() instead [-Wdeprecated-declarations]
   ATH_CHECK( m_trigDec.make("Trig::TrigDecisionTool/TrigDecisionTool") );
                                                                      ^
/cvmfs/atlas.cern.ch/repo/sw/software/AthAnalysisBase/x86_64-slc6-gcc49-opt/2.4.25/AthAnalysisBase/2.4.25/InstallArea/include/AthenaKernel/AthenaKernel/errorcheck.h:367:24: note: in definition of macro 'CHECK_WITH_CONTEXT'
     StatusCode sc__ = (EXP);                              \
                        ^
/cvmfs/atlas.cern.ch/repo/sw/software/AthAnalysisBase/x86_64-slc6-gcc49-opt/2.4.25/AthAnalysisBase/2.4.25/InstallArea/include/AthenaBaseComps/AthenaBaseComps/AthCheckMacros.h:35:19: note: in expansion of macro 'CHECK'
 #define ATH_CHECK CHECK
                   ^
../src/TrigPassNums.cxx:46:3: note: in expansion of macro 'ATH_CHECK'
   ATH_CHECK( m_trigDec.make("Trig::TrigDecisionTool/TrigDecisionTool") );
   ^
../src/TrigPassNums.cxx:49:75: warning: 'StatusCode asg::AnaToolHandle<T>::make(std::string) [with T = TrigConf::ITrigConfigTool; std::string = std::basic_string<char>]' is deprecated (declared at /cvmfs/atlas.cern.ch/repo/sw/software/AthAnalysisBase/x86_64-slc6-gcc49-opt/2.4.25/AthAnalysisBase/2.4.25/InstallArea/include/AsgTools/AsgTools/AnaToolHandle.h:845): please use setType() or setTypeAndName() instead [-Wdeprecated-declarations]
     ATH_CHECK( trigConfTool.make("TrigConf::xAODConfigTool/xAODConfigTool") );
                                                                           ^
/cvmfs/atlas.cern.ch/repo/sw/software/AthAnalysisBase/x86_64-slc6-gcc49-opt/2.4.25/AthAnalysisBase/2.4.25/InstallArea/include/AthenaKernel/AthenaKernel/errorcheck.h:367:24: note: in definition of macro 'CHECK_WITH_CONTEXT'
     StatusCode sc__ = (EXP);                              \
                        ^
/cvmfs/atlas.cern.ch/repo/sw/software/AthAnalysisBase/x86_64-slc6-gcc49-opt/2.4.25/AthAnalysisBase/2.4.25/InstallArea/include/AthenaBaseComps/AthenaBaseComps/AthCheckMacros.h:35:19: note: in expansion of macro 'CHECK'
 #define ATH_CHECK CHECK
                   ^
../src/TrigPassNums.cxx:49:5: note: in expansion of macro 'ATH_CHECK'
     ATH_CHECK( trigConfTool.make("TrigConf::xAODConfigTool/xAODConfigTool") );
     ^
In file included from /cvmfs/atlas.cern.ch/repo/sw/software/AthAnalysisBase/x86_64-slc6-gcc49-opt/2.4.25/AthAnalysisBase/2.4.25/InstallArea/include/AthenaBaseComps/AthenaBaseComps/AthCheckMacros.h:11:0,
                 from /cvmfs/atlas.cern.ch/repo/sw/software/AthAnalysisBase/x86_64-slc6-gcc49-opt/2.4.25/AthAnalysisBase/2.4.25/InstallArea/include/AthenaBaseComps/AthenaBaseComps/AthAlgorithm.h:16,
                 from /cvmfs/atlas.cern.ch/repo/sw/software/AthAnalysisBase/x86_64-slc6-gcc49-opt/2.4.25/AthAnalysisBase/2.4.25/InstallArea/include/AthenaBaseComps/AthenaBaseComps/AthHistogramAlgorithm.h:13,
                 from /cvmfs/atlas.cern.ch/repo/sw/software/AthAnalysisBase/x86_64-slc6-gcc49-opt/2.4.25/AthAnalysisBase/2.4.25/InstallArea/include/AthAnalysisBaseComps/AthAnalysisBaseComps/AthAnalysisAlgorithm.h:22,
                 from ../src/TriggerListAlg.h:4,
                 from ../src/TriggerListAlg.cxx:2:
../src/TriggerListAlg.cxx: In member function 'virtual StatusCode TriggerListAlg::initialize()':
../src/TriggerListAlg.cxx:42:66: warning: 'StatusCode asg::AnaToolHandle<T>::make(std::string) [with T = TrigConf::ITrigConfigTool; std::string = std::basic_string<char>]' is deprecated (declared at /cvmfs/atlas.cern.ch/repo/sw/software/AthAnalysisBase/x86_64-slc6-gcc49-opt/2.4.25/AthAnalysisBase/2.4.25/InstallArea/include/AsgTools/AsgTools/AnaToolHandle.h:845): please use setType() or setTypeAndName() instead [-Wdeprecated-declarations]
   ATH_CHECK(m_trigConf.make("TrigConf::xAODConfigTool/configTool") );
                                                                  ^
/cvmfs/atlas.cern.ch/repo/sw/software/AthAnalysisBase/x86_64-slc6-gcc49-opt/2.4.25/AthAnalysisBase/2.4.25/InstallArea/include/AthenaKernel/AthenaKernel/errorcheck.h:367:24: note: in definition of macro 'CHECK_WITH_CONTEXT'
     StatusCode sc__ = (EXP);                              \
                        ^
/cvmfs/atlas.cern.ch/repo/sw/software/AthAnalysisBase/x86_64-slc6-gcc49-opt/2.4.25/AthAnalysisBase/2.4.25/InstallArea/include/AthenaBaseComps/AthenaBaseComps/AthCheckMacros.h:35:19: note: in expansion of macro 'CHECK'
 #define ATH_CHECK CHECK
                   ^
../src/TriggerListAlg.cxx:42:3: note: in expansion of macro 'ATH_CHECK'
   ATH_CHECK(m_trigConf.make("TrigConf::xAODConfigTool/configTool") );
   ^
../src/TriggerListAlg.cxx:45:62: warning: 'StatusCode asg::AnaToolHandle<T>::make(std::string) [with T = Trig::TrigDecisionTool; std::string = std::basic_string<char>]' is deprecated (declared at /cvmfs/atlas.cern.ch/repo/sw/software/AthAnalysisBase/x86_64-slc6-gcc49-opt/2.4.25/AthAnalysisBase/2.4.25/InstallArea/include/AsgTools/AsgTools/AnaToolHandle.h:845): please use setType() or setTypeAndName() instead [-Wdeprecated-declarations]
   ATH_CHECK(m_trigTool.make("Trig::TrigDecisionTool/trigTool") );
                                                              ^
/cvmfs/atlas.cern.ch/repo/sw/software/AthAnalysisBase/x86_64-slc6-gcc49-opt/2.4.25/AthAnalysisBase/2.4.25/InstallArea/include/AthenaKernel/AthenaKernel/errorcheck.h:367:24: note: in definition of macro 'CHECK_WITH_CONTEXT'
     StatusCode sc__ = (EXP);                              \
                        ^
/cvmfs/atlas.cern.ch/repo/sw/software/AthAnalysisBase/x86_64-slc6-gcc49-opt/2.4.25/AthAnalysisBase/2.4.25/InstallArea/include/AthenaBaseComps/AthenaBaseComps/AthCheckMacros.h:35:19: note: in expansion of macro 'CHECK'
 #define ATH_CHECK CHECK
                   ^
../src/TriggerListAlg.cxx:45:3: note: in expansion of macro 'ATH_CHECK'
   ATH_CHECK(m_trigTool.make("Trig::TrigDecisionTool/trigTool") );
   ^
../src/TrigPassNums.cxx: In member function 'virtual StatusCode TrigPassNums::execute()':
../src/TrigPassNums.cxx:101:61: warning: 'h2' may be used uninitialized in this function [-Wmaybe-uninitialized]
             h2->Fill(trigName.c_str(), trigName2.c_str(), 1);
                                                             ^
#CMT---> building shared library ../x86_64-slc6-gcc49-opt/libTriggerList.so
#CMT---> installing file libTriggerList.so into /home/paredes/TestArea/athenaMetTest2/InstallArea/x86_64-slc6-gcc49-opt/lib
#CMT---> TriggerList : library ok
#CMT---> TriggerList ok
#CMT---> installation done
#CMT---> (constituents.make) TriggerList done
#CMT---> (constituents.make) Building TriggerListConf.make
#CMT---> (constituents.make) Building TriggerListCLIDDB.make
#CMT---> (constituents.make) Building TriggerList_optdebug_library.make
#CMT---> Info: Document TriggerListConf
#CMT---> Info: Document TriggerListCLIDDB
#CMT---> Info: Document TriggerList_optdebug_library
#CMT---> (constituents.make) Starting TriggerListConf
#CMT---> (constituents.make) Starting TriggerListCLIDDB
#CMT---> (constituents.make) Starting TriggerList_optdebug_library
touch /home/paredes/TestArea/athenaMetTest2/InstallArea/share/clid.db
#CMT---> stripping dbg symbols into separate file ../x86_64-slc6-gcc49-opt/libTriggerList.so.debug
#CMT---> installing file libTriggerList.so.debug into /home/paredes/TestArea/athenaMetTest2/InstallArea/x86_64-slc6-gcc49-opt/lib
#CMT---> libTriggerList.so.debug installation done
#CMT---> (constituents.make) TriggerList_optdebug_library done
Installing /home/paredes/TestArea/athenaMetTest2/TriggerList/genConf/TriggerList in /home/paredes/TestArea/athenaMetTest2/InstallArea/python
Create dir '/home/paredes/TestArea/athenaMetTest2/InstallArea/python/TriggerList'
Copy '../../../TriggerList/genConf/TriggerList/TriggerListConf.py' -> '/home/paredes/TestArea/athenaMetTest2/InstallArea/python/TriggerList/TriggerListConf.py'
#CMT---> (constituents.make) TriggerListConf done
#CMT---> (constituents.make) Building TriggerList_python_init.make
#CMT---> (constituents.make) Building TriggerListConfDbMerge.make
#CMT---> Info: Document TriggerList_python_init
#CMT---> Info: Document TriggerListConfDbMerge
#CMT---> (constituents.make) Starting TriggerListConfDbMerge
#CMT---> (constituents.make) Starting TriggerList_python_init
Running merge_genconfDb  TriggerListConfDbMerge
python /cvmfs/atlas.cern.ch/repo/sw/software/AthAnalysisBase/x86_64-slc6-gcc49-opt/2.4.25/AthAnalysisBase/2.4.25/AtlasCommonPolicy/scripts/merge_files.py \
          --do-merge \
          --input-file /home/paredes/TestArea/athenaMetTest2/TriggerList/genConf/TriggerList/TriggerList.confdb \
          --merged-file /home/paredes/TestArea/athenaMetTest2/InstallArea/x86_64-slc6-gcc49-opt/lib/TestArea.confdb
Installing __init__.py file from /cvmfs/atlas.cern.ch/repo/sw/software/AthAnalysisBase/x86_64-slc6-gcc49-opt/2.4.25/GAUDI/v26r2p1-lcg81e/GaudiPolicy
------> genCLIDDB.exe [TriggerList]
#CMT---> (constituents.make) TriggerListCLIDDB done
#CMT---> (constituents.make) Building TriggerListComponentsList.make
#CMT---> Info: Document TriggerListComponentsList
#CMT---> (constituents.make) Starting TriggerListComponentsList
Generating componentslist file for libTriggerList.so
cd ../x86_64-slc6-gcc49-opt;listcomponents.exe --output ../x86_64-slc6-gcc49-opt/TriggerList.components libTriggerList.so
#CMT---> (constituents.make) TriggerListComponentsList done
#CMT---> (constituents.make) Building TriggerListMergeComponentsList.make
#CMT---> Info: Document TriggerListMergeComponentsList
#CMT---> (constituents.make) Starting TriggerListMergeComponentsList
Running merge_componentslist  TriggerListMergeComponentsList
python /cvmfs/atlas.cern.ch/repo/sw/software/AthAnalysisBase/x86_64-slc6-gcc49-opt/2.4.25/AthAnalysisBase/2.4.25/AtlasCommonPolicy/scripts/merge_files.py --do-merge \
         --input-file ../x86_64-slc6-gcc49-opt/TriggerList.components --merged-file /home/paredes/TestArea/athenaMetTest2/InstallArea/x86_64-slc6-gcc49-opt/lib/TestArea.components
Copy '../../../../../../../cvmfs/atlas.cern.ch/repo/sw/software/AthAnalysisBase/x86_64-slc6-gcc49-opt/2.4.25/GAUDI/v26r2p1-lcg81e/GaudiPolicy/cmt/fragments/__init__.py' -> '/home/paredes/TestArea/athenaMetTest2/InstallArea/python/TriggerList/__init__.py'
#CMT---> (constituents.make) TriggerList_python_init done
#CMT---> (constituents.make) TriggerListConfDbMerge done
#CMT---> (constituents.make) TriggerListMergeComponentsList done
#CMT---> all ok.
#--------------------------------------------------------------
# testMetMaker testMetMaker-00-00-00 : Now trying [make] in /home/paredes/TestArea/athenaMetTest2/testMetMaker/cmt (184/186)
#--------------------------------------------------------------
#CMT---> (Makefile.header) Rebuilding ../x86_64-slc6-gcc49-opt/x86_64-slc6-gcc49-opt.make
#CMT---> (constituents.make) Rebuilding library links
#CMT---> (constituents.make) Building checkreq.make
#CMT---> (constituents.make) Building check_install_joboptions.make
#CMT---> (constituents.make) Building check_install_python_modules.make
#CMT---> (constituents.make) Building testMetMaker.make
#CMT---> (constituents.make) Building install_root_include_path.make
#CMT---> (constituents.make) Building install_includes.make
#CMT---> Info: Document checkreq
#CMT---> Info: Document check_install_python_modules
#CMT---> Info: Document install_root_include_path
#CMT---> Info: Library testMetMaker
#CMT---> Info: Document install_includes
#CMT---> Info: Document check_install_joboptions
#CMT---> (constituents.make) Starting checkreq
#CMT---> (constituents.make) Starting check_install_python_modules
#CMT---> (constituents.make) Starting install_root_include_path
#CMT---> (constituents.make) Starting install_includes
#CMT---> (constituents.make) Starting check_install_joboptions
#CMT---> (constituents.make) Starting testMetMaker
No standard include file area
No standard include file area
#CMT---> (constituents.make) install_root_include_path done
#CMT---> (constituents.make) install_includes done
#CMT---> (constituents.make) check_install_python_modules done
#CMT---> (constituents.make) Building install_python_modules.make
#CMT---> Info: Document install_python_modules
#CMT---> (constituents.make) Starting install_python_modules
make[2]: `install_python_modules' is up to date.
#CMT---> (constituents.make) install_python_modules done
#CMT---> (constituents.make) check_install_joboptions done
#CMT---> (constituents.make) Building install_joboptions.make
#CMT---> Info: Document install_joboptions
#CMT---> (constituents.make) Starting install_joboptions
installation done
installation done
installation done
#CMT---> (constituents.make) install_joboptions done
#CMT---> compiling ../src/MyAlg.cxx
#CMT---> compiling ../src/PtPlottingAlg.cxx
#CMT---> compiling ../src/components/testMetMaker_load.cxx
#CMT---> compiling ../src/components/testMetMaker_entries.cxx

CHECKREQ---> checkreq SUCCESS
#CMT---> (constituents.make) checkreq done
#CMT---> building shared library ../x86_64-slc6-gcc49-opt/libtestMetMaker.so
#CMT---> testMetMaker : library ok
#CMT---> installing file libtestMetMaker.so into /home/paredes/TestArea/athenaMetTest2/InstallArea/x86_64-slc6-gcc49-opt/lib
#CMT---> testMetMaker ok
#CMT---> installation done
#CMT---> (constituents.make) testMetMaker done
#CMT---> (constituents.make) Building testMetMakerConf.make
#CMT---> (constituents.make) Building testMetMakerCLIDDB.make
#CMT---> (constituents.make) Building testMetMaker_optdebug_library.make
#CMT---> Info: Document testMetMaker_optdebug_library
#CMT---> Info: Document testMetMakerCLIDDB
#CMT---> Info: Document testMetMakerConf
#CMT---> (constituents.make) Starting testMetMaker_optdebug_library
#CMT---> (constituents.make) Starting testMetMakerCLIDDB
#CMT---> (constituents.make) Starting testMetMakerConf
#CMT---> stripping dbg symbols into separate file ../x86_64-slc6-gcc49-opt/libtestMetMaker.so.debug
#CMT---> installing file libtestMetMaker.so.debug into /home/paredes/TestArea/athenaMetTest2/InstallArea/x86_64-slc6-gcc49-opt/lib
#CMT---> libtestMetMaker.so.debug installation done
#CMT---> (constituents.make) testMetMaker_optdebug_library done
Installing /home/paredes/TestArea/athenaMetTest2/testMetMaker/genConf/testMetMaker in /home/paredes/TestArea/athenaMetTest2/InstallArea/python
Copy '../../../testMetMaker/genConf/testMetMaker/testMetMakerConf.py' -> '/home/paredes/TestArea/athenaMetTest2/InstallArea/python/testMetMaker/testMetMakerConf.py'
#CMT---> (constituents.make) testMetMakerConf done
#CMT---> (constituents.make) Building testMetMaker_python_init.make
#CMT---> (constituents.make) Building testMetMakerConfDbMerge.make
#CMT---> Info: Document testMetMakerConfDbMerge
#CMT---> Info: Document testMetMaker_python_init
#CMT---> (constituents.make) Starting testMetMakerConfDbMerge
#CMT---> (constituents.make) Starting testMetMaker_python_init
Running merge_genconfDb  testMetMakerConfDbMerge
python /cvmfs/atlas.cern.ch/repo/sw/software/AthAnalysisBase/x86_64-slc6-gcc49-opt/2.4.25/AthAnalysisBase/2.4.25/AtlasCommonPolicy/scripts/merge_files.py \
          --do-merge \
          --input-file /home/paredes/TestArea/athenaMetTest2/testMetMaker/genConf/testMetMaker/testMetMaker.confdb \
          --merged-file /home/paredes/TestArea/athenaMetTest2/InstallArea/x86_64-slc6-gcc49-opt/lib/TestArea.confdb
#CMT---> (constituents.make) testMetMaker_python_init done
------> genCLIDDB.exe [testMetMaker]
#CMT---> (constituents.make) testMetMakerCLIDDB done
#CMT---> (constituents.make) Building testMetMakerComponentsList.make
#CMT---> Info: Document testMetMakerComponentsList
#CMT---> (constituents.make) Starting testMetMakerComponentsList
Generating componentslist file for libtestMetMaker.so
cd ../x86_64-slc6-gcc49-opt;listcomponents.exe --output ../x86_64-slc6-gcc49-opt/testMetMaker.components libtestMetMaker.so
#CMT---> (constituents.make) testMetMakerConfDbMerge done
#CMT---> (constituents.make) testMetMakerComponentsList done
#CMT---> (constituents.make) Building testMetMakerMergeComponentsList.make
#CMT---> Info: Document testMetMakerMergeComponentsList
#CMT---> (constituents.make) Starting testMetMakerMergeComponentsList
Running merge_componentslist  testMetMakerMergeComponentsList
python /cvmfs/atlas.cern.ch/repo/sw/software/AthAnalysisBase/x86_64-slc6-gcc49-opt/2.4.25/AthAnalysisBase/2.4.25/AtlasCommonPolicy/scripts/merge_files.py --do-merge \
         --input-file ../x86_64-slc6-gcc49-opt/testMetMaker.components --merged-file /home/paredes/TestArea/athenaMetTest2/InstallArea/x86_64-slc6-gcc49-opt/lib/TestArea.components
#CMT---> (constituents.make) testMetMakerMergeComponentsList done
#CMT---> all ok.
#--------------------------------------------------------------
# WorkArea WorkArea-00-00-00 : Now trying [make] in /home/paredes/TestArea/athenaMetTest2/WorkArea/cmt (186/186)
#--------------------------------------------------------------
#CMT---> (Makefile.header) Rebuilding ../x86_64-slc6-gcc49-opt/x86_64-slc6-gcc49-opt.make
#CMT---> (constituents.make) Rebuilding library links
#CMT---> (constituents.make) Building checkreq.make
#CMT---> (constituents.make) Building post_merge_rootmap.make
#CMT---> (constituents.make) Building post_merge_genconfdb.make
#CMT---> (constituents.make) Building check_install_python_modules.make
#CMT---> (constituents.make) Building install_root_include_path.make
#CMT---> (constituents.make) Building install_includes.make
#CMT---> (constituents.make) Building post_build_tpcnvdb.make
#CMT---> Info: Document post_merge_rootmap
#CMT---> Info: Document post_build_tpcnvdb
#CMT---> Info: Document checkreq
#CMT---> Info: Document post_merge_genconfdb
#CMT---> Info: Document install_includes
#CMT---> Info: Document check_install_python_modules
#CMT---> Info: Document install_root_include_path
#CMT---> (constituents.make) Starting post_build_tpcnvdb
#CMT---> (constituents.make) Starting post_merge_rootmap
#CMT---> (constituents.make) Starting checkreq
#CMT---> (constituents.make) Starting install_root_include_path
#CMT---> (constituents.make) Starting post_merge_genconfdb
#CMT---> (constituents.make) Starting install_includes
#CMT---> (constituents.make) Starting check_install_python_modules
No standard include file area
No standard include file area
#CMT---> (constituents.make) install_root_include_path done
#CMT---> (constituents.make) install_includes done
#CMT---> (constituents.make) check_install_python_modules done
#CMT---> (constituents.make) Building install_python_modules.make
#CMT---> Info: Document install_python_modules
#CMT---> (constituents.make) Starting install_python_modules
make[2]: `install_python_modules' is up to date.
#CMT---> (constituents.make) install_python_modules done
::::::::::::::::::::::::::::::::::::::::::::::::::::::::::::::::::::::::::::::::
::: abuild-merge-genconfdb
::: collecting genconfdb files...
::: collecting genconfdb files... [done] (nbr=0)
::: merging files into [/home/paredes/TestArea/athenaMetTest2/InstallArea/x86_64-slc6-gcc49-opt/lib/python2.7/TestArea_merged_confDb.py]...
::: merging files into [/home/paredes/TestArea/athenaMetTest2/InstallArea/x86_64-slc6-gcc49-opt/lib/python2.7/TestArea_merged_confDb.py]... [done]
::: bye.
::::::::::::::::::::::::::::::::::::::::::::::::::::::::::::::::::::::::::::::::
#CMT---> (constituents.make) post_build_tpcnvdb done
::::::::::::::::::::::::::::::::::::::::::::::::::::::::::::::::::::::::::::::::
::: abuild-merge-genconfdb
::: collecting genconfdb files...
::: collecting genconfdb files... [done] (nbr=0)
::: merging files into [/home/paredes/TestArea/athenaMetTest2/InstallArea/x86_64-slc6-gcc49-opt/lib/python2.7/TestArea_merged_confDb.py]...
::: merging files into [/home/paredes/TestArea/athenaMetTest2/InstallArea/x86_64-slc6-gcc49-opt/lib/python2.7/TestArea_merged_confDb.py]... [done]
::: bye.
::::::::::::::::::::::::::::::::::::::::::::::::::::::::::::::::::::::::::::::::
#CMT---> (constituents.make) post_merge_genconfdb done
::::::::::::::::::::::::::::::::::::::::::::::::::::::::::::::::::::::::::::::::
::: abuild-merge-rootmap
::: collecting dsomap files...
::: collecting dsomap files... [done] (nbr=0)
::: merging files into [/home/paredes/TestArea/athenaMetTest2/InstallArea/x86_64-slc6-gcc49-opt/lib/TestArea.rootmap]...
::: merging files into [/home/paredes/TestArea/athenaMetTest2/InstallArea/x86_64-slc6-gcc49-opt/lib/TestArea.rootmap]... [done]
::: bye.
::::::::::::::::::::::::::::::::::::::::::::::::::::::::::::::::::::::::::::::::
#CMT---> (constituents.make) post_merge_rootmap done

CHECKREQ---> checkreq SUCCESS
#CMT---> (constituents.make) checkreq done
#CMT---> all ok.
/home/paredes/TestArea/athenaMetTest2
